
Note: No compatibility mode selected!


Circuit: * sg13g2-ldo -- sg13cmos5l closed-loop dc sweep bench (issue #21, phase 3/4

Doing analysis at TEMP = 27.000000 and TNOM = 27.000000

Using SPARSE 1.3 as Direct Linear Solver
OSDI(debug) n.xtop.xamp.xrz.nr1: WARNING: V(i1,c) voltage is greater than specified by vmax
OSDI(debug) n.xtop.xamp.xrz.nr1: WARNING: V(i1,c) voltage is greater than specified by vmax
OSDI(debug) n.xtop.xamp.xrz.nr1: WARNING: V(i1,c) voltage is greater than specified by vmax
OSDI(debug) n.xtop.xamp.xrz.nr1: WARNING: V(i1,c) voltage is greater than specified by vmax
OSDI(debug) n.xtop.xamp.xrz.nr1: WARNING: V(i1,c) voltage is greater than specified by vmax
OSDI(debug) n.xtop.xamp.xrz.nr1: WARNING: V(i1,c) voltage is greater than specified by vmax
OSDI(debug) n.xtop.xamp.xrz.nr1: WARNING: V(i1,c) voltage is greater than specified by vmax
OSDI(debug) n.xtop.xamp.xrz.nr1: WARNING: V(i1,c) voltage is greater than specified by vmax
OSDI(debug) n.xtop.xamp.xrz.nr1: WARNING: V(i1,c) voltage is greater than specified by vmax
OSDI(debug) n.xtop.xamp.xrz.nr1: WARNING: V(i1,c) voltage is greater than specified by vmax
OSDI(debug) n.xtop.xamp.xrz.nr1: WARNING: V(i1,c) voltage is greater than specified by vmax
OSDI(debug) n.xtop.xamp.xrz.nr1: WARNING: V(i1,c) voltage is greater than specified by vmax
OSDI(debug) n.xtop.xamp.xrz.nr1: WARNING: V(i1,c) voltage is greater than specified by vmax
OSDI(debug) n.xtop.xamp.xrz.nr1: WARNING: V(i1,c) voltage is greater than specified by vmax
OSDI(debug) n.xtop.xamp.xrz.nr1: WARNING: V(i1,c) voltage is greater than specified by vmax
OSDI(debug) n.xtop.xamp.xrz.nr1: WARNING: V(i1,c) voltage is greater than specified by vmax
OSDI(debug) n.xtop.xamp.xrz.nr1: WARNING: V(i1,c) voltage is greater than specified by vmax
OSDI(debug) n.xtop.xamp.xrz.nr1: WARNING: V(i1,c) voltage is greater than specified by vmax
OSDI(debug) n.xtop.xamp.xrz.nr1: WARNING: V(i1,c) voltage is greater than specified by vmax
OSDI(debug) n.xtop.xamp.xrz.nr1: WARNING: V(i1,c) voltage is greater than specified by vmax
OSDI(debug) n.xtop.xamp.xrz.nr1: WARNING: V(i1,c) voltage is greater than specified by vmax
OSDI(debug) n.xtop.xamp.xrz.nr1: WARNING: V(i1,c) voltage is greater than specified by vmax
OSDI(debug) n.xtop.xamp.xrz.nr1: WARNING: V(i1,c) voltage is greater than specified by vmax
OSDI(debug) n.xtop.xamp.xrz.nr1: WARNING: V(i1,c) voltage is greater than specified by vmax
OSDI(debug) n.xtop.xamp.xrz.nr1: WARNING: V(i1,c) voltage is greater than specified by vmax
OSDI(debug) n.xtop.xamp.xrz.nr1: WARNING: V(i1,c) voltage is greater than specified by vmax
OSDI(debug) n.xtop.xamp.xrz.nr1: WARNING: V(i1,c) voltage is greater than specified by vmax
OSDI(debug) n.xtop.xamp.xrz.nr1: WARNING: V(i1,c) voltage is greater than specified by vmax
OSDI(debug) n.xtop.xamp.xrz.nr1: WARNING: V(i1,c) voltage is greater than specified by vmax
OSDI(debug) n.xtop.xamp.xrz.nr1: WARNING: V(i1,c) voltage is greater than specified by vmax
OSDI(debug) n.xtop.xamp.xrz.nr1: WARNING: V(i1,c) voltage is greater than specified by vmax
OSDI(debug) n.xtop.xamp.xrz.nr1: WARNING: V(i1,c) voltage is greater than specified by vmax
OSDI(debug) n.xtop.xamp.xrz.nr1: WARNING: V(i1,c) voltage is greater than specified by vmax
OSDI(debug) n.xtop.xamp.xrz.nr1: WARNING: V(i1,c) voltage is greater than specified by vmax
OSDI(debug) n.xtop.xamp.xrz.nr1: WARNING: V(i1,c) voltage is greater than specified by vmax
OSDI(debug) n.xtop.xamp.xrz.nr1: WARNING: V(i1,c) voltage is greater than specified by vmax
OSDI(debug) n.xtop.xamp.xrz.nr1: WARNING: V(i1,c) voltage is greater than specified by vmax
OSDI(debug) n.xtop.xamp.xrz.nr1: WARNING: V(i1,c) voltage is greater than specified by vmax
OSDI(debug) n.xtop.xamp.xrz.nr1: WARNING: V(i1,c) voltage is greater than specified by vmax
OSDI(debug) n.xtop.xamp.xrz.nr1: WARNING: V(i1,c) voltage is greater than specified by vmax
OSDI(debug) n.xtop.xamp.xrz.nr1: WARNING: V(i1,c) voltage is greater than specified by vmax
OSDI(debug) n.xtop.xamp.xrz.nr1: WARNING: V(i1,c) voltage is greater than specified by vmax
OSDI(deNote: Starting dynamic gmin stepping
Note: Dynamic gmin stepping completed
Note: Starting dynamic gmin stepping
Note: Dynamic gmin stepping completed
bug) n.xtop.xamp.xrz.nr1: WARNING: V(i1,c) voltage is greater than specified by vmax
OSDI(debug) n.xtop.xamp.xrz.nr1: WARNING: V(i1,c) voltage is greater than specified by vmax
OSDI(debug) n.xtop.xamp.xrz.nr1: WARNING: V(i1,c) voltage is greater than specified by vmax
OSDI(debug) n.xtop.xamp.xrz.nr1: WARNING: V(i1,c) voltage is greater than specified by vmax
OSDI(debug) n.xtop.xamp.xrz.nr1: WARNING: V(i1,c) voltage is greater than specified by vmax
OSDI(debug) n.xtop.xamp.xrz.nr1: WARNING: V(i1,c) voltage is greater than specified by vmax
OSDI(debug) n.xtop.xamp.xrz.nr1: WARNING: V(i1,c) voltage is greater than specified by vmax

No. of Data Rows : 820
Note: Simulation executed from .control section 
