
Note: No compatibility mode selected!


Circuit: * sg13g2-ldo -- sg13cmos5l loop-gain / phase-margin bench (issue #21).

Doing analysis at TEMP = -40.000000 and TNOM = 27.000000

Using SPARSE 1.3 as Direct Linear Solver
OSDI(debug) n.xamp.xrz.nr1: WARNING: V(i1,c) voltage is greater than specified by vmax
OSDI(debug) n.xamp.xrz.nr1: WARNING: V(i1,c) voltage is greater than specified by vmax
OSDI(debug) n.xamp.xrz.nr1: WARNING: V(i1,c) voltage is greater than specified by vmax
OSDI(debug) n.xamp.xrz.nr1: WARNING: V(i1,c) voltage is greater than specified by vmax
OSDI(debug) n.xamp.xrz.nr1: WARNING: V(i1,c) voltage is greater than specified by vmax
OSDI(debug) n.xamp.xrz.nr1: WARNING: V(i1,c) voltage is greater than specified by vmax
OSDI(debug) n.xamp.xrz.nr1: WARNING: V(i1,c) voltage is greater than specified by vmax
OSDI(debug) n.xamp.xrz.nr1: WARNING: V(i1,c) voltage is greater than specified by vmax
OSDI(debug) n.xamp.xrz.nr1: WARNING: V(i1,c) voltage is greater than specified by vmax
OSDI(debug) n.xamp.xrz.nr1: WARNING: V(i1,c) voltage is greater than specified by vmax
OSDI(debug) n.xamp.xrz.nr1: WARNING: V(i1,c) voltage is greater than specified by vmax
OSDI(debug) n.xamp.xrz.nr1: WARNING: V(i1,c) voltage is greater than specified by vmax
OSDI(debug) n.xamp.xrz.nr1: WARNING: V(i1,c) voltage is greater than specified by vmax
OSDI(debug) n.xamp.xrz.nr1: WARNING: V(i1,c) voltage is greater than specified by vmax
OSDI(debug) n.xamp.xrz.nr1: WARNING: V(i1,c) voltage is greater than specified by vmax
OSDI(debug) n.xamp.xrz.nr1: WARNING: V(i1,c) voltage is greater than specified by vmax
OSDI(debug) n.xamp.xrz.nr1: WARNING: V(i1,c) voltage is greater than specified by vmax
OSDI(debug) n.xamp.xrz.nr1: WARNING: V(i1,c) voltage is greater than specified by vmax
OSDI(debug) n.xamp.xrz.nr1: WARNING: V(i1,c) voltage is greater than specified by vmax
OSDI(debug) n.xamp.xrz.nr1: WARNING: V(i1,c) voltage is greater than specified by vmax
OSDI(debug) n.xamp.xrz.nr1: WARNING: V(i1,c) voltage is greater than specified by vmax
OSDI(debug) n.xamp.xrz.nr1: WARNING: V(i1,c) voltage is greater than specified by vmax
OSDI(debug) n.xamp.xrz.nr1: WARNING: V(i1,c) voltage is greater than specified by vmax
OSDI(debug) n.xamp.xrz.nr1: WARNING: V(i1,c) voltage is greater than specified by vmax
OSDI(debug) n.xamp.xrz.nr1: WARNING: V(i1,c) voltage is greater than specified by vmax
OSDI(debug) n.xamp.xrz.nr1: WARNING: V(i1,c) voltage is greater than specified by vmax
OSDI(debug) n.xamp.xrz.nr1: WARNING: V(i1,c) voltage is greater than specified by vmax
OSDI(debug) n.xamp.xrz.nr1: WARNING: V(i1,c) voltage is greater than specified by vmax
OSDI(debug) n.xamp.xrz.nr1: WARNING: V(i1,c) voltage is greater than specified by vmax
OSDI(debug) n.xamp.xrz.nr1: WARNING: V(i1,c) voltage is greater than specified by vmax
OSDI(debug) n.xamp.xrz.nr1: WARNING: V(i1,c) voltage is greater than specified by vmax
OSDI(debug) n.xamp.xrz.nr1: WARNING: V(i1,c) voltage is greater than specified by vmax
OSDI(debug) n.xamp.xrz.nr1: WARNING: V(i1,c) voltage is greater than specified by vmax
OSDI(debug) n.xamp.xrz.nr1: WARNING: V(i1,c) voltage is greater than specified by vmax
OSDI(debug) n.xamp.xrz.nr1: WARNING: V(i1,c) voltage is greater than specified by vmax
OSDI(debug) n.xamp.xrz.nr1: WARNING: V(i1,c) voltage is greater than specified by vmax
OSDI(debug) n.xamp.xrz.nr1: WARNING: V(i1,c) voltage is greater than specified by vmax
OSDI(debug) n.xamp.xrz.nr1: WARNING: V(i1,c) voltage is greater than specified by vmax
OSDI(debug) n.xamp.xrz.nr1: WARNING: V(i1,c) voltage is greater than specified by vmax
OSDI(debug) n.xamp.xrz.nr1: WARNING: V(i1,c) voltage is greater than specified by vmax
OSDI(debug) n.xamp.xrz.nr1: WARNING: V(i1,c) voltage is greater than specified by vmax
OSDI(debug) n.xamp.xrz.nr1: WARNING: V(i1,c) voltage is greater than specified by vmax
OSDI(debug) n.xamp.xrz.nr1: WARNING: V(i1,c) voltage is greater than specified by vmax
OSDI(debug) n.xamp.xrz.nr1: WARNING: V(i1,c) voltage is greater than specified by vmax
OSDI(debug) n.xamp.xrz.nr1: WARNING: V(i1,c) voNote: Starting dynamic gmin stepping
Note: Dynamic gmin stepping completed
ltage is greater than specified by vmax
OSDI(debug) n.xamp.xrz.nr1: WARNING: V(i1,c) voltage is greater than specified by vmax
OSDI(debug) n.xamp.xrz.nr1: WARNING: V(i1,c) voltage is greater than specified by vmax
OSDI(debug) n.xamp.xrz.nr1: WARNING: V(i1,c) voltage is greater than specified by vmax
OSDI(debug) n.xamp.xrz.nr1: WARNING: V(i1,c) voltage is greater than specified by vmax
OSDI(debug) n.xamp.xrz.nr1: WARNING: V(i1,c) voltage is greater than specified by vmax
OSDI(debug) n.xamp.xrz.nr1: WARNING: V(i1,c) voltage is greater than specified by vmax
OSDI(debug) n.xamp.xrz.nr1: WARNING: V(i1,c) voltage is greater than specified by vmax
OSDI(debug) n.xamp.xrz.nr1: WARNING: V(i1,c) voltage is greater than specified by vmax
OSDI(debug) n.xamp.xrz.nr1: WARNING: V(i1,c) voltage is greater than specified by vmax
OSDI(debug) n.xamp.xrz.nr1: WARNING: V(i1,c) voltage is greater than specified by vmax
OSDI(debug) n.xamp.xrz.nr1: WARNING: V(i1,c) voltage is greater than specified by vmax
OSDI(debug) n.xamp.xrz.nr1: WARNING: V(i1,c) voltage is greater than specified by vmax
OSDI(debug) n.xamp.xrz.nr1: WARNING: V(i1,c) voltage is greater than specified by vmax
OSDI(debug) n.xamp.xrz.nr1: WARNING: V(i1,c) voltage is greater than specified by vmax
OSDI(debug) n.xamp.xrz.nr1: WARNING: V(i1,c) voltage is greater than specified by vmax
OSDI(debug) n.xamp.xrz.nr1: WARNING: V(i1,c) voltage is greater than specified by vmax
OSDI(debug) n.xamp.xrz.nr1: WARNING: V(i1,c) voltage is greater than specified by vmax
OSDI(debug) n.xamp.xrz.nr1: WARNING: V(i1,c) voltage is greater than specified by vmax
OSDI(debug) n.xamp.xrz.nr1: WARNING: V(i1,c) voltage is greater than specified by vmax
OSDI(debug) n.xamp.xrz.nr1: WARNING: V(i1,c) voltage is greater than specified by vmax
OSDI(debug) n.xamp.xrz.nr1: WARNING: V(i1,c) voltage is greater than specified by vmax
OSDI(debug) n.xamp.xrz.nr1: WARNING: V(i1,c) voltage is greater than specified by vmax
OSDI(debug) n.xamp.xrz.nr1: WARNING: V(i1,c) voltage is greater than specified by vmax
OSDI(debug) n.xamp.xrz.nr1: WARNING: V(i1,c) voltage is greater than specified by vmax
OSDI(debug) n.xamp.xrz.nr1: WARNING: V(i1,c) voltage is greater than specified by vmax
OSDI(debug) n.xamp.xrz.nr1: WARNING: V(i1,c) voltage is greater than specified by vmax
OSDI(debug) n.xamp.xrz.nr1: WARNING: V(i1,c) voltage is greater than specified by vmax
OSDI(debug) n.xamp.xrz.nr1: WARNING: V(i1,c) voltage is greater than specified by vmax
OSDI(debug) n.xamp.xrz.nr1: WARNING: V(i1,c) voltage is greater than specified by vmax
OSDI(debug) n.xamp.xrz.nr1: WARNING: V(i1,c) voltage is greater than specified by vmax
OSDI(debug) n.xamp.xrz.nr1: WARNING: V(i1,c) voltage is greater than specified by vmax
OSDI(debug) n.xamp.xrz.nr1: WARNING: V(i1,c) voltage is greater than specified by vmax
OSDI(debug) n.xamp.xrz.nr1: WARNING: V(i1,c) voltage is greater than specified by vmax
OSDI(debug) n.xamp.xrz.nr1: WARNING: V(i1,c) voltage is greater than specified by vmax
OSDI(debug) n.xamp.xrz.nr1: WARNING: V(i1,c) voltage is greater than specified by vmax
OSDI(debug) n.xamp.xrz.nr1: WARNING: V(i1,c) voltage is greater than specified by vmax
OSDI(debug) n.xamp.xrz.nr1: WARNING: V(i1,c) voltage is greater than specified by vmax
OSDI(debug) n.xamp.xrz.nr1: WARNING: V(i1,c) voltage is greater than specified by vmax

No. of Data Rows : 1
LOOPGAIN_VOUT_OP 1.80019
Doing analysis at TEMP = -40.000000 and TNOM = 27.000000

Using SPARSE 1.3 as Direct Linear Solver
OSDI(debug) n.xamp.xrz.nr1: WARNING: V(i1,c) voltage is greater than specified by vmax
OSDI(debug) n.xamp.xrz.nr1: WARNING: V(i1,c) voltage is greater than specified by vmax
OSDI(debug) n.xamp.xrz.nr1: WARNING: V(i1,c) voltage is greater than specified by vmax
OSDI(debug) n.xamp.xrz.nr1: WARNING: V(i1,c) voltage is greater than specified by vmax
OSDI(debug) n.xamp.xrz.nr1: WARNING: V(i1,c) voltage is greater than specified by vmax
OSDI(debug) n.xamp.xrz.nr1: WARNING: V(i1,c) voltage is greater than specified by vmax
OSDI(debug) n.xamp.xrz.nr1: WARNING: V(i1,c) voltage is greater than specified by vmax
OSDI(debug) n.xamp.xrz.nr1: WARNING: V(i1,c) voltage is greater than specified by vmax
OSDI(debug) n.xamp.xrz.nr1: WARNING: V(i1,c) voltage is greater than specified by vmax
OSDI(debug) n.xamp.xrz.nr1: WARNING: V(i1,c) voltage is greater than specified by vmax
OSDI(debug) n.xamp.xrz.nr1: WARNING: V(i1,c) voltage is greater than specified by vmax
OSDI(debug) n.xamp.xrz.nr1: WARNING: V(i1,c) voltage is greater than specified by vmax
OSDI(debug) n.xamp.xrz.nr1: WARNING: V(i1,c) voltage is greater than specified by vmax
OSDI(debug) n.xamp.xrz.nr1: WARNING: V(i1,c) voltage is greater than specified by vmax
OSDI(debug) n.xamp.xrz.nr1: WARNING: V(i1,c) voltage is greater than specified by vmax
OSDI(debug) n.xamp.xrz.nr1: WARNING: V(i1,c) voltage is greater than specified by vmax
OSDI(debug) n.xamp.xrz.nr1: WARNING: V(i1,c) voltage is greater than specified by vmax
OSDI(debug) n.xamp.xrz.nr1: WARNING: V(i1,c) voltage is greater than specified by vmax
OSDI(debug) n.xamp.xrz.nr1: WARNING: V(i1,c) voltage is greater than specified by vmax
OSDI(debug) n.xamp.xrz.nr1: WARNING: V(i1,c) voltage is greater than specified by vmax
OSDI(debug) n.xamp.xrz.nr1: WARNING: V(i1,c) voltage is greater than specified by vmax
OSDI(debug) n.xamp.xrz.nr1: WARNING: V(i1,c) voltage is greater than specified by vmax
OSDI(debug) n.xamp.xrz.nr1: WARNING: V(i1,c) voltage is greater than specified by vmax
OSDI(debug) n.xamp.xrz.nr1: WARNING: V(i1,c) voltage is greater than specified by vmax
OSDI(debug) n.xamp.xrz.nr1: WARNING: V(i1,c) voltage is greater than specified by vmax
OSDI(debug) n.xamp.xrz.nr1: WARNING: V(i1,c) voltage is greater than specified by vmax
OSDI(debug) n.xamp.xrz.nr1: WARNING: V(i1,c) voltage is greater than specified by vmax
OSDI(debug) n.xamp.xrz.nr1: WARNING: V(i1,c) voltage is greater than specified by vmax
OSDI(debug) n.xamp.xrz.nr1: WARNING: V(i1,c) voltage is greater than specified by vmax
OSDI(debug) n.xamp.xrz.nr1: WARNING: V(i1,c) voltage is greater than specified by vmax
OSDI(debug) n.xamp.xrz.nr1: WARNING: V(i1,c) voltage is greater than specified by vmax
OSDI(debug) n.xamp.xrz.nr1: WARNING: V(i1,c) voltage is greater than specified by vmax
OSDI(debug) n.xamp.xrz.nr1: WARNING: V(i1,c) voltage is greater than specified by vmax
OSDI(debug) n.xamp.xrz.nr1: WARNING: V(i1,c) voltage is greater than specified by vmax
OSDI(debug) n.xamp.xrz.nr1: WARNING: V(i1,c) voltage is greater than specified by vmax
OSDI(debug) n.xamp.xrz.nr1: WARNING: V(i1,c) voltage is greater than specified by vmax
OSDI(debug) n.xamp.xrz.nr1: WARNING: V(i1,c) voltage is greater than specified by vmax
OSDI(debug) n.xamp.xrz.nr1: WARNING: V(i1,c) voltage is greater than specified by vmax
OSDI(debug) n.xamp.xrz.nr1: WARNING: V(i1,c) voltage is greater than specified by vmax
OSDI(debug) n.xamp.xrz.nr1: WARNING: V(i1,c) voltage is greater than specified by vmax
OSDI(debug) n.xamp.xrz.nr1: WARNING: V(i1,c) voltage is greater than specified by vmax
OSDI(debug) n.xamp.xrz.nr1: WARNING: V(i1,c) voltage is greater than specified by vmax
OSDI(debug) n.xamp.xrz.nr1: WARNING: V(i1,c) voltage is greater than specified by vmax
OSDI(debug) n.xamp.xrz.nr1: WARNING: V(i1,c) voltage is greater than specified by vmax
OSDI(debug) n.xamp.xrz.nr1: WARNING: V(i1,c) voltage is greater than specified by vmax
OSDI(debug) n.xamp.xrz.nr1: WARNING: V(i1,c) voltage is greater than specified by vmax
OSDI(debug) n.xamp.xrz.nr1: WARNING: V(i1,c) voltage is greater than specified by vmax
OSDI(debug) n.xamp.xrz.nr1: WARNING: V(i1,c) voltage is greater than specified by vmax
OSDI(debug) n.xamp.xrz.nr1: WARNING: V(i1,c) voltage is greater than specified by vmax
OSDI(debug) n.xamp.xrz.nr1: WARNING: V(i1,c) voltage is greater than specified by vmax
OSDI(debug) n.xamp.xrz.nr1: WARNING: V(i1,c) voltage is greater than specified by vmax
OSDI(debug) n.xamp.xrz.nr1: WARNING: V(i1,c) voltage is greater than specified by vmax
OSDI(debug) n.xamp.xrz.nr1: WARNING: V(i1,c) voltage is greater than specified by vmax
OSDI(debug) n.xamp.xrz.nr1: WARNING: V(i1,c) voltage is greater than specified by vmax
OSNote: Starting dynamic gmin stepping
Note: Dynamic gmin stepping completed
DI(debug) n.xamp.xrz.nr1: WARNING: V(i1,c) voltage is greater than specified by vmax
OSDI(debug) n.xamp.xrz.nr1: WARNING: V(i1,c) voltage is greater than specified by vmax
OSDI(debug) n.xamp.xrz.nr1: WARNING: V(i1,c) voltage is greater than specified by vmax
OSDI(debug) n.xamp.xrz.nr1: WARNING: V(i1,c) voltage is greater than specified by vmax
OSDI(debug) n.xamp.xrz.nr1: WARNING: V(i1,c) voltage is greater than specified by vmax
OSDI(debug) n.xamp.xrz.nr1: WARNING: V(i1,c) voltage is greater than specified by vmax
OSDI(debug) n.xamp.xrz.nr1: WARNING: V(i1,c) voltage is greater than specified by vmax
OSDI(debug) n.xamp.xrz.nr1: WARNING: V(i1,c) voltage is greater than specified by vmax
OSDI(debug) n.xamp.xrz.nr1: WARNING: V(i1,c) voltage is greater than specified by vmax
OSDI(debug) n.xamp.xrz.nr1: WARNING: V(i1,c) voltage is greater than specified by vmax
OSDI(debug) n.xamp.xrz.nr1: WARNING: V(i1,c) voltage is greater than specified by vmax
OSDI(debug) n.xamp.xrz.nr1: WARNING: V(i1,c) voltage is greater than specified by vmax
OSDI(debug) n.xamp.xrz.nr1: WARNING: V(i1,c) voltage is greater than specified by vmax
OSDI(debug) n.xamp.xrz.nr1: WARNING: V(i1,c) voltage is greater than specified by vmax
OSDI(debug) n.xamp.xrz.nr1: WARNING: V(i1,c) voltage is greater than specified by vmax
OSDI(debug) n.xamp.xrz.nr1: WARNING: V(i1,c) voltage is greater than specified by vmax
OSDI(debug) n.xamp.xrz.nr1: WARNING: V(i1,c) voltage is greater than specified by vmax
OSDI(debug) n.xamp.xrz.nr1: WARNING: V(i1,c) voltage is greater than specified by vmax
OSDI(debug) n.xamp.xrz.nr1: WARNING: V(i1,c) voltage is greater than specified by vmax
OSDI(debug) n.xamp.xrz.nr1: WARNING: V(i1,c) voltage is greater than specified by vmax
OSDI(debug) n.xamp.xrz.nr1: WARNING: V(i1,c) voltage is greater than specified by vmax
OSDI(debug) n.xamp.xrz.nr1: WARNING: V(i1,c) voltage is greater than specified by vmax
OSDI(debug) n.xamp.xrz.nr1: WARNING: V(i1,c) voltage is greater than specified by vmax
OSDI(debug) n.xamp.xrz.nr1: WARNING: V(i1,c) voltage is greater than specified by vmax
OSDI(debug) n.xamp.xrz.nr1: WARNING: V(i1,c) voltage is greater than specified by vmax
OSDI(debug) n.xamp.xrz.nr1: WARNING: V(i1,c) voltage is greater than specified by vmax
OSDI(debug) n.xamp.xrz.nr1: WARNING: V(i1,c) voltage is greater than specified by vmax
OSDI(debug) n.xamp.xrz.nr1: WARNING: V(i1,c) voltage is greater than specified by vmax
OSDI(debug) n.xamp.xrz.nr1: WARNING: V(i1,c) voltage is greater than specified by vmax

No. of Data Rows : 161
Note: Simulation executed from .control section 
