Warning: m=xx on .subckt line will override multiplier m hierarchy!

Note: Starting dynamic gmin stepping
Note: Dynamic gmin stepping completed

Note: Compatibility modes selected: hs a


Circuit: * sg13g2-ldo -- sg13cmos5l closed-loop dc sweep bench (issue #21, phase 3/4

Doing analysis at TEMP = -40.000000 and TNOM = 27.000000

Using SPARSE 1.3 as Direct Linear Solver
 Reference value :  2.00000e+00Note: Starting dynamic gmin stepping
Note: Dynamic gmin stepping completed
Note: Starting dynamic gmin stepping
Note: Dynamic gmin stepping completed
 Reference value :  2.57000e+00OSDI(debug) n.xtop.xamp.xrz.nr1: WARNING: V(i1,c) voltage is greater than specified by vmax
OSDI(debug) n.xtop.xamp.xrz.nr1: WARNING: V(i1,c) voltage is greater than specified by vmax
OSDI(debug) n.xtop.xamp.xrz.nr1: WARNING: V(i1,c) voltage is greater than specified by vmax
OSDI(debug) n.xtop.xamp.xrz.nr1: WARNING: V(i1,c) voltage is greater than specified by vmax
OSDI(debug) n.xtop.xamp.xrz.nr1: WARNING: V(i1,c) voltage is greater than specified by vmax
OSDI(debug) n.xtop.xamp.xrz.nr1: WARNING: V(i1,c) voltage is greater than specified by vmax
OSDI(debug) n.xtop.xamp.xrz.nr1: WARNING: V(i1,c) voltage is greater than specified by vmax
OSDI(debug) n.xtop.xamp.xrz.nr1: WARNING: V(i1,c) voltage is greater than specified by vmax
OSDI(debug) n.xtop.xamp.xrz.nr1: WARNING: V(i1,c) voltage is greater than specified by vmax
OSDI(debug) n.xtop.xamp.xrz.nr1: WARNING: V(i1,c) voltage is greater than specified by vmax
OSDI(debug) n.xtop.xamp.xrz.nr1: WARNING: V(i1,c) voltage is greater than specified by vmax
OSDI(debug) n.xtop.xamp.xrz.nr1: WARNING: V(i1,c) voltage is greater than specified by vmax
OSDI(debug) n.xtop.xamp.xrz.nr1: WARNING: V(i1,c) voltage is greater than specified by vmax
OSDI(debug) n.xtop.xamp.xrz.nr1: WARNING: V(i1,c) voltage is greater than specified by vmax
OSDI(debug) n.xtop.xamp.xrz.nr1: WARNING: V(i1,c) voltage is greater than specified by vmax
OSDI(debug) n.xtop.xamp.xrz.nr1: WARNING: V(i1,c) voltage is greater than specified by vmax
OSDI(debug) n.xtop.xamp.xrz.nr1: WARNING: V(i1,c) voltage is greater than specified by vmax
OSDI(debug) n.xtop.xamp.xrz.nr1: WARNING: V(i1,c) voltage is greater than specified by vmax
OSDI(debug) n.xtop.xamp.xrz.nr1: WARNING: V(i1,c) voltage is greater than specified by vmax
OSDI(debug) n.xtop.xamp.xrz.nr1: WARNING: V(i1,c) voltage is greater than specified by vmax
OSDI(debug) n.xtop.xamp.xrz.nr1: WARNING: V(i1,c) voltage is greater than specified by vmax
OSDI(debug) n.xtop.xamp.xrz.nr1: WARNING: V(i1,c) voltage is greater than specified by vmax
OSDI(debug) n.xtop.xamp.xrz.nr1: WARNING: V(i1,c) voltage is greater than specified by vmax
OSDI(debug) n.xtop.xamp.xrz.nr1: WARNING: V(i1,c) voltage is greater than specified by vmax
OSDI(debug) n.xtop.xamp.xrz.nr1: WARNING: V(i1,c) voltage is greater than specified by vmax
OSDI(debug) n.xtop.xamp.xrz.nr1: WARNING: V(i1,c) voltage is greater than specified by vmax
OSDI(debug) n.xtop.xamp.xrz.nr1: WARNING: V(i1,c) voltage is greater than specified by vmax
OSDI(debug) n.xtop.xamp.xrz.nr1: WARNING: V(i1,c) voltage is greater than specified by vmax
OSDI(debug) n.xtop.xamp.xrz.nr1: WARNING: V(i1,c) voltage is greater than specified by vmax
OSDI(debug) n.xtop.xamp.xrz.nr1: WARNING: V(i1,c) voltage is greater than specified by vmax
OSDI(debug) n.xtop.xamp.xrz.nr1: WARNING: V(i1,c) voltage is greater than specified by vmax
OSDI(debug) n.xtop.xamp.xrz.nr1: WARNING: V(i1,c) voltage is greater than specified by vmax
OSDI(debug) n.xtop.xamp.xrz.nr1: WARNING: V(i1,c) voltage is greater than specified by vmax
OSDI(debug) n.xtop.xamp.xrz.nr1: WARNING: V(i1,c) voltage is greater than specified by vmax
OSDI(debug) n.xtop.xamp.xrz.nr1: WARNING: V(i1,c) voltage is greater than specified by vmax
OSDI(debug) n.xtop.xamp.xrz.nr1: WARNING: V(i1,c) voltage is greater than specified by vmax
OSDI(debug) n.xtop.xamp.xrz.nr1: WARNING: V(i1,c) voltage is greater than specified by vmax
OSDI(debug) n.xtop.xamp.xrz.nr1: WARNING: V(i1,c) voltage is greater than specified by vmax
OSDI(debug) n.xtop.xamp.xrz.nr1: WARNING: V(i1,c) voltage is greater than specified by vmax
OSDI(debug) n.xtop.xamp.xrz.nr1: WARNING: V(i1,c) voltage is greater than specified by vmax
OSDI(debug) n.xtop.xamp.xrz.nr1: WARNING: V(i1,c) voltage is greater than specified by vmax
OSDI(debug) n.xtop.xamp.xrz.nr1: WARNING: V(i1,c) voltage is greater than specified by vmax
OSDI(debug) n.xtop.xamp.xrz.nr1: WARNING: V(i1,c) voltage is greater than specified by vmax
OSDI(debug) n.xtop.xamp.xrz.nr1: WARNING: V(i1,c) voltage is greater than specified by vmax
OSDI(debug) n.xtop.xamp.xrz.nr1: WARNING: V(i1,cNote: Starting dynamic gmin stepping
Note: Dynamic gmin stepping completed
Note: Starting dynamic gmin stepping
Note: Dynamic gmin stepping completed
) voltage is greater than specified by vmax
OSDI(debug) n.xtop.xamp.xrz.nr1: WARNING: V(i1,c) voltage is greater than specified by vmax
OSDI(debug) n.xtop.xamp.xrz.nr1: WARNING: V(i1,c) voltage is greater than specified by vmax
OSDI(debug) n.xtop.xamp.xrz.nr1: WARNING: V(i1,c) voltage is greater than specified by vmax
OSDI(debug) n.xtop.xamp.xrz.nr1: WARNING: V(i1,c) voltage is greater than specified by vmax
OSDI(debug) n.xtop.xamp.xrz.nr1: WARNING: V(i1,c) voltage is greater than specified by vmax
OSDI(debug) n.xtop.xamp.xrz.nr1: WARNING: V(i1,c) voltage is greater than specified by vmax
OSDI(debug) n.xtop.xamp.xrz.nr1: WARNING: V(i1,c) voltage is greater than specified by vmax
OSDI(debug) n.xtop.xamp.xrz.nr1: WARNING: V(i1,c) voltage is greater than specified by vmax
OSDI(debug) n.xtop.xamp.xrz.nr1: WARNING: V(i1,c) voltage is greater than specified by vmax
OSDI(debug) n.xtop.xamp.xrz.nr1: WARNING: V(i1,c) voltage is greater than specified by vmax
OSDI(debug) n.xtop.xamp.xrz.nr1: WARNING: V(i1,c) voltage is greater than specified by vmax
OSDI(debug) n.xtop.xamp.xrz.nr1: WARNING: V(i1,c) voltage is greater than specified by vmax
OSDI(debug) n.xtop.xamp.xrz.nr1: WARNING: V(i1,c) voltage is greater than specified by vmax
OSDI(debug) n.xtop.xamp.xrz.nr1: WARNING: V(i1,c) voltage is greater than specified by vmax
OSDI(debug) n.xtop.xamp.xrz.nr1: WARNING: V(i1,c) voltage is greater than specified by vmax
OSDI(debug) n.xtop.xamp.xrz.nr1: WARNING: V(i1,c) voltage is greater than specified by vmax
OSDI(debug) n.xtop.xamp.xrz.nr1: WARNING: V(i1,c) voltage is greater than specified by vmax
OSDI(debug) n.xtop.xamp.xrz.nr1: WARNING: V(i1,c) voltage is greater than specified by vmax
OSDI(debug) n.xtop.xamp.xrz.nr1: WARNING: V(i1,c) voltage is greater than specified by vmax
OSDI(debug) n.xtop.xamp.xrz.nr1: WARNING: V(i1,c) voltage is greater than specified by vmax

No. of Data Rows : 820
Note: Simulation executed from .control section 
